// Jest Snapshot v1, https://goo.gl/fbAQLP

exports[`Dialogs Escape Key Behavior 1`] = `
<div
  data-target-tag-name="DIV"
  data-type="portal"
>
  <div>
    <div
      className="modal-mask managed-modal"
      onBlur={[Function]}
      onFocus={[Function]}
    >
      <i
        className="icon-close"
        onClick={[Function]}
      />
      <dialog
        aria-modal="true"
        className="modal-content"
        onClick={[Function]}
        open={true}
        role="dialog"
        tabIndex="-1"
      >
        <div>
          Hi
        </div>
      </dialog>
    </div>
  </div>
</div>
`;

exports[`Dialogs Escape Key Behavior 2`] = `
<div
  data-target-tag-name="DIV"
  data-type="portal"
>
  <div>
    <div
      className="modal-mask managed-modal"
      onBlur={[Function]}
      onFocus={[Function]}
    >
      <i
        className="icon-close"
        onClick={[Function]}
      />
      <dialog
        aria-modal="true"
        className="modal-content"
        onClick={[Function]}
        open={true}
        role="dialog"
        tabIndex="-1"
      >
        <div>
          Yo
        </div>
      </dialog>
    </div>
  </div>
</div>
`;

exports[`Dialogs RestoreScroll custom fn on Unmount 1`] = `
<div
  data-target-tag-name="DIV"
  data-type="portal"
>
  <div>
    <div
      className="modal-mask managed-modal"
      onBlur={[Function]}
      onFocus={[Function]}
    >
      <i
        className="icon-close"
        onClick={[Function]}
      />
      <dialog
        aria-modal="true"
        className="modal-content"
        onClick={[Function]}
        open={true}
        role="dialog"
        tabIndex="-1"
      >
        <div>
          Hi
        </div>
      </dialog>
    </div>
  </div>
</div>
`;

exports[`Dialogs RestoreScroll on Unmount 1`] = `
<div
  data-target-tag-name="DIV"
  data-type="portal"
>
  <div>
    <div
      className="modal-mask managed-modal"
      onBlur={[Function]}
      onFocus={[Function]}
    >
      <i
        className="icon-close"
        onClick={[Function]}
      />
      <dialog
        aria-modal="true"
        className="modal-content"
        onClick={[Function]}
        open={true}
        role="dialog"
        tabIndex="-1"
      >
        <div>
          Hi
        </div>
      </dialog>
    </div>
  </div>
</div>
`;

exports[`Dialogs Rollbock History 1`] = `
<div
  data-target-tag-name="DIV"
  data-type="portal"
>
  <div>
    <div
      className="modal-mask managed-modal"
      onBlur={[Function]}
      onFocus={[Function]}
    >
      <i
        className="icon-close"
        onClick={[Function]}
      />
      <dialog
        aria-modal="true"
        className="modal-content"
        onClick={[Function]}
        open={true}
        role="dialog"
        tabIndex="-1"
      >
        <div>
          Yo
        </div>
      </dialog>
    </div>
  </div>
</div>
`;

exports[`Dialogs Simple Mount & Unmount 1`] = `
<div
  data-target-tag-name="DIV"
  data-type="portal"
>
  <div>
    <div
      className="modal-mask managed-modal"
      onBlur={[Function]}
      onFocus={[Function]}
    >
      <i
        className="icon-close"
        onClick={[Function]}
      />
      <dialog
        aria-modal="true"
        className="modal-content"
        onClick={[Function]}
        open={true}
        role="dialog"
        tabIndex="-1"
      >
        <div>
          Hi
        </div>
      </dialog>
    </div>
  </div>
</div>
`;
