// Jest Snapshot v1, https://goo.gl/fbAQLP

exports[`Modals Clicks inside modal do not trigger mask clicks 1`] = `
<div>
  <div
    className="modal-mask"
    onBlur={[Function]}
    onClick={[Function]}
    onFocus={[Function]}
  >
    <i
      className="icon-close"
      onClick={[Function]}
    />
    <dialog
      className="modal-content"
      onClick={[Function]}
      open={true}
      role="dialog"
      tabIndex="-1"
    />
  </div>
</div>
`;

exports[`Modals Close Event 1`] = `
<div>
  <div
    className="modal-mask"
    onBlur={[Function]}
    onClick={[Function]}
    onFocus={[Function]}
  >
    <i
      className="icon-close"
      onClick={[Function]}
    />
    <dialog
      className="modal-content"
      onClick={[Function]}
      open={true}
      role="dialog"
      tabIndex="-1"
    />
  </div>
</div>
`;

exports[`Modals Mask clicks may close 1`] = `
<div>
  <div
    className="modal-mask"
    onBlur={[Function]}
    onClick={[Function]}
    onFocus={[Function]}
  >
    <i
      className="icon-close"
      onClick={[Function]}
    />
    <dialog
      className="modal-content"
      onClick={[Function]}
      open={true}
      role="dialog"
      tabIndex="-1"
    />
  </div>
</div>
`;

exports[`Modals Safari Hack 1`] = `
<div>
  <div
    className="modal-mask"
    onBlur={[Function]}
    onClick={[Function]}
    onFocus={[Function]}
  >
    <i
      className="icon-close"
      onClick={[Function]}
    />
    <dialog
      className="modal-content"
      onClick={[Function]}
      open={true}
      role="dialog"
      tabIndex="-1"
    />
  </div>
</div>
`;

exports[`Modals Simple Mount & Unmount 1`] = `
<div>
  <div
    className="modal-mask"
    onBlur={[Function]}
    onClick={[Function]}
    onFocus={[Function]}
  >
    <i
      className="icon-close"
      onClick={[Function]}
    />
    <dialog
      className="modal-content"
      onClick={[Function]}
      open={true}
      role="dialog"
      tabIndex="-1"
    />
  </div>
</div>
`;
